#
# There is insufficient memory for the Java Runtime Environment to continue.
# Native memory allocation (malloc) failed to allocate 131376 bytes. Error detail: Chunk::new
# Possible reasons:
#   The system is out of physical RAM or swap space
#   This process is running with CompressedOops enabled, and the Java Heap may be blocking the growth of the native heap
# Possible solutions:
#   Reduce memory load on the system
#   Increase physical memory or swap space
#   Check if swap backing store is full
#   Decrease Java heap size (-Xmx/-Xms)
#   Decrease number of Java threads
#   Decrease Java thread stack sizes (-Xss)
#   Set larger code cache with -XX:ReservedCodeCacheSize=
#   JVM is running with Unscaled Compressed Oops mode in which the Java heap is
#     placed in the first 4GB address space. The Java Heap base address is the
#     maximum limit for the native heap growth. Please use -XX:HeapBaseMinAddress
#     to set the Java Heap base and to place the Java Heap above 4GB virtual address.
# This output file may be truncated or incomplete.
#
#  Out of Memory Error (arena.cpp:168), pid=26764, tid=21532
#
# JRE version: OpenJDK Runtime Environment Temurin-21.0.10+7 (21.0.10+7) (build 21.0.10+7-LTS)
# Java VM: OpenJDK 64-Bit Server VM Temurin-21.0.10+7 (21.0.10+7-LTS, mixed mode, sharing, tiered, compressed oops, compressed class ptrs, parallel gc, windows-amd64)
# No core dump will be written. Minidumps are not enabled by default on client versions of Windows
#

---------------  S U M M A R Y ------------

Command Line: --add-modules=ALL-SYSTEM --add-opens=java.base/java.util=ALL-UNNAMED --add-opens=java.base/java.lang=ALL-UNNAMED --add-opens=java.base/sun.nio.fs=ALL-UNNAMED -Declipse.application=org.eclipse.jdt.ls.core.id1 -Dosgi.bundles.defaultStartLevel=4 -Declipse.product=org.eclipse.jdt.ls.core.product -Djava.import.generatesMetadataFilesAtProjectRoot=false -DDetectVMInstallationsJob.disabled=true -Dfile.encoding=utf8 -XX:+UseParallelGC -XX:GCTimeRatio=4 -XX:AdaptiveSizePolicyWeight=90 -Dsun.zip.disableMemoryMapping=true -Xmx2G -Xms100m -Xlog:disable -javaagent:c:\Users\13372\.trae-cn\extensions\redhat.java-1.53.0-win32-x64\lombok\lombok-1.18.39-4050.jar -XX:+HeapDumpOnOutOfMemoryError -XX:HeapDumpPath=c:\Users\13372\AppData\Roaming\Trae CN\User\workspaceStorage\4b5feb811c54631e0f5b78dfcdf9e2d6\redhat.java -Daether.dependencyCollector.impl=bf c:\Users\13372\.trae-cn\extensions\redhat.java-1.53.0-win32-x64\server\plugins\org.eclipse.equinox.launcher_1.7.100.v20251111-0406.jar -configuration c:\Users\13372\AppData\Roaming\Trae CN\User\globalStorage\redhat.java\1.53.0\config_win -data c:\Users\13372\AppData\Roaming\Trae CN\User\workspaceStorage\4b5feb811c54631e0f5b78dfcdf9e2d6\redhat.java\jdt_ws --pipe=\\.\pipe\lsp-60bba27a2bcfb22c154d5658139b2246-sock

Host: 13th Gen Intel(R) Core(TM) i7-13650HX, 20 cores, 15G,  Windows 11 , 64 bit Build 22621 (10.0.22621.5415)
Time: Mon Apr 13 22:29:29 2026 elapsed time: 18.676207 seconds (0d 0h 0m 18s)

---------------  T H R E A D  ---------------

Current thread (0x00000289785a1420):  JavaThread "C2 CompilerThread1" daemon [_thread_in_native, id=21532, stack(0x000000e49e500000,0x000000e49e600000) (1024K)]


Current CompileTask:
C2:18676 5860 %     4       sun.security.provider.SHA2::implCompress0 @ 27 (448 bytes)

Stack: [0x000000e49e500000,0x000000e49e600000]
Native frames: (J=compiled Java code, j=interpreted, Vv=VM code, C=native code)
V  [jvm.dll+0x6d7a39]
V  [jvm.dll+0x8b4b26]
V  [jvm.dll+0x8b70de]
V  [jvm.dll+0x8b77c3]
V  [jvm.dll+0x284346]
V  [jvm.dll+0xc66ed]
V  [jvm.dll+0xc6c31]
V  [jvm.dll+0x2fb29e]
V  [jvm.dll+0x5fe884]
V  [jvm.dll+0x255b17]
V  [jvm.dll+0x255edd]
V  [jvm.dll+0x24e500]
V  [jvm.dll+0x24ba42]
V  [jvm.dll+0x1cb34e]
V  [jvm.dll+0x25b85d]
V  [jvm.dll+0x259dea]
V  [jvm.dll+0x3f857e]
V  [jvm.dll+0x85f59d]
V  [jvm.dll+0x6d626d]
C  [ucrtbase.dll+0x29333]
C  [KERNEL32.DLL+0x1259d]
C  [ntdll.dll+0x5af78]


---------------  P R O C E S S  ---------------

Threads class SMR info:
_java_thread_list=0x00000289716391d0, length=73, elements={
0x00000289165ede40, 0x0000028971638150, 0x0000028971639530, 0x000002897163c1a0,
0x000002897163d5a0, 0x000002897163f310, 0x0000028971641ca0, 0x0000028971647ca0,
0x000002897164e2d0, 0x0000028971858a80, 0x00000289737b55e0, 0x00000289783409f0,
0x00000289737977e0, 0x000002897809d9f0, 0x0000028973f069e0, 0x0000028973df0b40,
0x00000289785353f0, 0x000002897857a8e0, 0x0000028978536e30, 0x00000289785a1420,
0x00000289785a1ad0, 0x00000289785367a0, 0x00000289785346d0, 0x0000028978535a80,
0x0000028978536110, 0x0000028978fce8d0, 0x0000028978534d60, 0x0000028973df42d0,
0x0000028973df5d10, 0x0000028973df7de0, 0x0000028973df63a0, 0x0000028973df35b0,
0x0000028973df8470, 0x0000028973df3c40, 0x0000028973df4960, 0x0000028973df8b00,
0x0000028973df2890, 0x0000028973df6a30, 0x0000028973df4ff0, 0x0000028973df9190,
0x0000028973df2200, 0x0000028973df2f20, 0x0000028973df70c0, 0x0000028973df5680,
0x0000028973df7750, 0x0000028973df9820, 0x000002897a50e060, 0x000002897a50c620,
0x000002897a50ed80, 0x000002897a50faa0, 0x000002897a5107c0, 0x000002897a50e6f0,
0x000002897a509ec0, 0x000002897a50abe0, 0x000002897a50f410, 0x000002897a510130,
0x000002897a5114e0, 0x000002897a50a550, 0x000002897a50b270, 0x000002897a50b900,
0x000002897a50bf90, 0x000002897a50ccb0, 0x000002897a50d340, 0x000002897a50d9d0,
0x000002897a077cb0, 0x000002897a077620, 0x000002897a07aaa0, 0x000002897a079060,
0x000002897a07a410, 0x000002897a07b130, 0x000002897a078340, 0x000002897a07b7c0,
0x000002897a0789d0
}

Java Threads: ( => current thread )
  0x00000289165ede40 JavaThread "main"                              [_thread_blocked, id=35480, stack(0x000000e49c400000,0x000000e49c500000) (1024K)]
  0x0000028971638150 JavaThread "Reference Handler"          daemon [_thread_blocked, id=35716, stack(0x000000e49c800000,0x000000e49c900000) (1024K)]
  0x0000028971639530 JavaThread "Finalizer"                  daemon [_thread_blocked, id=34564, stack(0x000000e49c900000,0x000000e49ca00000) (1024K)]
  0x000002897163c1a0 JavaThread "Signal Dispatcher"          daemon [_thread_blocked, id=36504, stack(0x000000e49ca00000,0x000000e49cb00000) (1024K)]
  0x000002897163d5a0 JavaThread "Attach Listener"            daemon [_thread_blocked, id=20356, stack(0x000000e49cb00000,0x000000e49cc00000) (1024K)]
  0x000002897163f310 JavaThread "Service Thread"             daemon [_thread_blocked, id=5676, stack(0x000000e49cc00000,0x000000e49cd00000) (1024K)]
  0x0000028971641ca0 JavaThread "Monitor Deflation Thread"   daemon [_thread_blocked, id=6576, stack(0x000000e49cd00000,0x000000e49ce00000) (1024K)]
  0x0000028971647ca0 JavaThread "C2 CompilerThread0"         daemon [_thread_in_native, id=30084, stack(0x000000e49ce00000,0x000000e49cf00000) (1024K)]
  0x000002897164e2d0 JavaThread "C1 CompilerThread0"         daemon [_thread_blocked, id=36416, stack(0x000000e49cf00000,0x000000e49d000000) (1024K)]
  0x0000028971858a80 JavaThread "Common-Cleaner"             daemon [_thread_blocked, id=33908, stack(0x000000e49d200000,0x000000e49d300000) (1024K)]
  0x00000289737b55e0 JavaThread "Notification Thread"        daemon [_thread_blocked, id=36376, stack(0x000000e49d400000,0x000000e49d500000) (1024K)]
  0x00000289783409f0 JavaThread "Active Thread: Equinox Container: fb49ef38-fb80-4234-b1d7-7206c68ede2c"        [_thread_blocked, id=25644, stack(0x000000e49dd00000,0x000000e49de00000) (1024K)]
  0x00000289737977e0 JavaThread "Refresh Thread: Equinox Container: fb49ef38-fb80-4234-b1d7-7206c68ede2c" daemon [_thread_blocked, id=36088, stack(0x000000e49d000000,0x000000e49d100000) (1024K)]
  0x000002897809d9f0 JavaThread "Framework Event Dispatcher: Equinox Container: fb49ef38-fb80-4234-b1d7-7206c68ede2c" daemon [_thread_blocked, id=36464, stack(0x000000e49d100000,0x000000e49d200000) (1024K)]
  0x0000028973f069e0 JavaThread "Start Level: Equinox Container: fb49ef38-fb80-4234-b1d7-7206c68ede2c" daemon [_thread_blocked, id=36512, stack(0x000000e49d300000,0x000000e49d400000) (1024K)]
  0x0000028973df0b40 JavaThread "C1 CompilerThread1"         daemon [_thread_blocked, id=25104, stack(0x000000e49d500000,0x000000e49d600000) (1024K)]
  0x00000289785353f0 JavaThread "Bundle File Closer"         daemon [_thread_blocked, id=14492, stack(0x000000e49e200000,0x000000e49e300000) (1024K)]
  0x000002897857a8e0 JavaThread "C1 CompilerThread2"         daemon [_thread_in_vm, id=22188, stack(0x000000e49dc00000,0x000000e49dd00000) (1024K)]
  0x0000028978536e30 JavaThread "SCR Component Actor"        daemon [_thread_blocked, id=29276, stack(0x000000e49e300000,0x000000e49e400000) (1024K)]
=>0x00000289785a1420 JavaThread "C2 CompilerThread1"         daemon [_thread_in_native, id=21532, stack(0x000000e49e500000,0x000000e49e600000) (1024K)]
  0x00000289785a1ad0 JavaThread "C2 CompilerThread2"         daemon [_thread_in_native, id=36288, stack(0x000000e49e600000,0x000000e49e700000) (1024K)]
  0x00000289785367a0 JavaThread "Worker-JM"                         [_thread_blocked, id=19696, stack(0x000000e49e700000,0x000000e49e800000) (1024K)]
  0x00000289785346d0 JavaThread "JNA Cleaner"                daemon [_thread_blocked, id=24920, stack(0x000000e49ea00000,0x000000e49eb00000) (1024K)]
  0x0000028978535a80 JavaThread "Worker-0"                          [_thread_blocked, id=36108, stack(0x000000e49eb00000,0x000000e49ec00000) (1024K)]
  0x0000028978536110 JavaThread "Worker-1: Loading available Gradle versions"        [_thread_in_Java, id=36628, stack(0x000000e49ec00000,0x000000e49ed00000) (1024K)]
  0x0000028978fce8d0 JavaThread "C1 CompilerThread3"         daemon [_thread_blocked, id=29196, stack(0x000000e49ee00000,0x000000e49ef00000) (1024K)]
  0x0000028978534d60 JavaThread "Java indexing"              daemon [_thread_blocked, id=33152, stack(0x000000e49ef00000,0x000000e49f000000) (1024K)]
  0x0000028973df42d0 JavaThread "Worker-2: Repository registry initialization"        [_thread_in_Java, id=24256, stack(0x000000e49f000000,0x000000e49f100000) (1024K)]
  0x0000028973df5d10 JavaThread "Worker-3"                          [_thread_blocked, id=36532, stack(0x000000e49f100000,0x000000e49f200000) (1024K)]
  0x0000028973df7de0 JavaThread "Thread-1"                   daemon [_thread_in_native, id=25060, stack(0x000000e49f200000,0x000000e49f300000) (1024K)]
  0x0000028973df63a0 JavaThread "Thread-2"                   daemon [_thread_in_native, id=5244, stack(0x000000e49f300000,0x000000e49f400000) (1024K)]
  0x0000028973df35b0 JavaThread "Thread-3"                   daemon [_thread_in_native, id=36472, stack(0x000000e49f400000,0x000000e49f500000) (1024K)]
  0x0000028973df8470 JavaThread "Thread-4"                   daemon [_thread_in_native, id=36248, stack(0x000000e49f500000,0x000000e49f600000) (1024K)]
  0x0000028973df3c40 JavaThread "Thread-5"                   daemon [_thread_in_native, id=36128, stack(0x000000e49f600000,0x000000e49f700000) (1024K)]
  0x0000028973df4960 JavaThread "Thread-6"                   daemon [_thread_in_native, id=34504, stack(0x000000e49f700000,0x000000e49f800000) (1024K)]
  0x0000028973df8b00 JavaThread "Thread-7"                   daemon [_thread_in_native, id=35932, stack(0x000000e49f800000,0x000000e49f900000) (1024K)]
  0x0000028973df2890 JavaThread "Thread-8"                   daemon [_thread_in_native, id=22468, stack(0x000000e49f900000,0x000000e49fa00000) (1024K)]
  0x0000028973df6a30 JavaThread "Thread-9"                   daemon [_thread_in_native, id=11392, stack(0x000000e49fa00000,0x000000e49fb00000) (1024K)]
  0x0000028973df4ff0 JavaThread "Thread-10"                  daemon [_thread_in_native, id=33220, stack(0x000000e49fb00000,0x000000e49fc00000) (1024K)]
  0x0000028973df9190 JavaThread "Thread-11"                  daemon [_thread_in_native, id=27796, stack(0x000000e49fc00000,0x000000e49fd00000) (1024K)]
  0x0000028973df2200 JavaThread "Thread-12"                  daemon [_thread_in_native, id=15020, stack(0x000000e49fd00000,0x000000e49fe00000) (1024K)]
  0x0000028973df2f20 JavaThread "Thread-13"                  daemon [_thread_in_native, id=13504, stack(0x000000e49fe00000,0x000000e49ff00000) (1024K)]
  0x0000028973df70c0 JavaThread "Thread-14"                  daemon [_thread_in_native, id=36156, stack(0x000000e49ff00000,0x000000e4a0000000) (1024K)]
  0x0000028973df5680 JavaThread "Thread-15"                  daemon [_thread_in_native, id=32804, stack(0x000000e4a0000000,0x000000e4a0100000) (1024K)]
  0x0000028973df7750 JavaThread "Thread-16"                  daemon [_thread_in_native, id=32096, stack(0x000000e4a0100000,0x000000e4a0200000) (1024K)]
  0x0000028973df9820 JavaThread "Thread-17"                  daemon [_thread_in_native, id=36264, stack(0x000000e4a0200000,0x000000e4a0300000) (1024K)]
  0x000002897a50e060 JavaThread "Thread-18"                  daemon [_thread_in_native, id=32028, stack(0x000000e4a0300000,0x000000e4a0400000) (1024K)]
  0x000002897a50c620 JavaThread "Thread-19"                  daemon [_thread_in_native, id=22816, stack(0x000000e4a0400000,0x000000e4a0500000) (1024K)]
  0x000002897a50ed80 JavaThread "Thread-20"                  daemon [_thread_in_native, id=27336, stack(0x000000e4a0500000,0x000000e4a0600000) (1024K)]
  0x000002897a50faa0 JavaThread "Thread-21"                  daemon [_thread_in_native, id=36632, stack(0x000000e4a0600000,0x000000e4a0700000) (1024K)]
  0x000002897a5107c0 JavaThread "pool-2-thread-1"                   [_thread_blocked, id=35596, stack(0x000000e4a0700000,0x000000e4a0800000) (1024K)]
  0x000002897a50e6f0 JavaThread "Worker-4"                          [_thread_blocked, id=30864, stack(0x000000e4a0800000,0x000000e4a0900000) (1024K)]
  0x000002897a509ec0 JavaThread "WorkspaceEventsHandler"            [_thread_blocked, id=12824, stack(0x000000e4a0900000,0x000000e4a0a00000) (1024K)]
  0x000002897a50abe0 JavaThread "pool-1-thread-1"                   [_thread_blocked, id=2012, stack(0x000000e4a0a00000,0x000000e4a0b00000) (1024K)]
  0x000002897a50f410 JavaThread "ForkJoinPool.commonPool-worker-1" daemon [_thread_blocked, id=22780, stack(0x000000e4a0c00000,0x000000e4a0d00000) (1024K)]
  0x000002897a510130 JavaThread "ForkJoinPool.commonPool-worker-2" daemon [_thread_blocked, id=21944, stack(0x000000e4a0d00000,0x000000e4a0e00000) (1024K)]
  0x000002897a5114e0 JavaThread "ForkJoinPool.commonPool-worker-3" daemon [_thread_blocked, id=29716, stack(0x000000e4a0e00000,0x000000e4a0f00000) (1024K)]
  0x000002897a50a550 JavaThread "ForkJoinPool.commonPool-worker-4" daemon [_thread_blocked, id=17924, stack(0x000000e4a0f00000,0x000000e4a1000000) (1024K)]
  0x000002897a50b270 JavaThread "ForkJoinPool.commonPool-worker-5" daemon [_thread_blocked, id=33200, stack(0x000000e4a1000000,0x000000e4a1100000) (1024K)]
  0x000002897a50b900 JavaThread "ForkJoinPool.commonPool-worker-6" daemon [_thread_blocked, id=34808, stack(0x000000e4a1100000,0x000000e4a1200000) (1024K)]
  0x000002897a50bf90 JavaThread "ForkJoinPool.commonPool-worker-7" daemon [_thread_blocked, id=32968, stack(0x000000e4a1200000,0x000000e4a1300000) (1024K)]
  0x000002897a50ccb0 JavaThread "ForkJoinPool.commonPool-worker-8" daemon [_thread_blocked, id=25916, stack(0x000000e4a1300000,0x000000e4a1400000) (1024K)]
  0x000002897a50d340 JavaThread "ForkJoinPool.commonPool-worker-9" daemon [_thread_blocked, id=25488, stack(0x000000e4a1400000,0x000000e4a1500000) (1024K)]
  0x000002897a50d9d0 JavaThread "ForkJoinPool.commonPool-worker-10" daemon [_thread_blocked, id=5824, stack(0x000000e4a1500000,0x000000e4a1600000) (1024K)]
  0x000002897a077cb0 JavaThread "ForkJoinPool.commonPool-worker-11" daemon [_thread_blocked, id=36076, stack(0x000000e4a1600000,0x000000e4a1700000) (1024K)]
  0x000002897a077620 JavaThread "ForkJoinPool.commonPool-worker-12" daemon [_thread_blocked, id=15668, stack(0x000000e4a1700000,0x000000e4a1800000) (1024K)]
  0x000002897a07aaa0 JavaThread "ForkJoinPool.commonPool-worker-13" daemon [_thread_blocked, id=20508, stack(0x000000e4a1800000,0x000000e4a1900000) (1024K)]
  0x000002897a079060 JavaThread "ForkJoinPool.commonPool-worker-14" daemon [_thread_blocked, id=30004, stack(0x000000e4a1900000,0x000000e4a1a00000) (1024K)]
  0x000002897a07a410 JavaThread "ForkJoinPool.commonPool-worker-15" daemon [_thread_blocked, id=17176, stack(0x000000e4a1a00000,0x000000e4a1b00000) (1024K)]
  0x000002897a07b130 JavaThread "ForkJoinPool.commonPool-worker-16" daemon [_thread_blocked, id=31032, stack(0x000000e4a1b00000,0x000000e4a1c00000) (1024K)]
  0x000002897a078340 JavaThread "ForkJoinPool.commonPool-worker-17" daemon [_thread_blocked, id=10448, stack(0x000000e4a1c00000,0x000000e4a1d00000) (1024K)]
  0x000002897a07b7c0 JavaThread "ForkJoinPool.commonPool-worker-18" daemon [_thread_blocked, id=30308, stack(0x000000e4a1d00000,0x000000e4a1e00000) (1024K)]
  0x000002897a0789d0 JavaThread "ForkJoinPool.commonPool-worker-19" daemon [_thread_blocked, id=33724, stack(0x000000e4a1e00000,0x000000e4a1f00000) (1024K)]
Total: 73

Other Threads:
  0x0000028918253b80 VMThread "VM Thread"                           [id=23356, stack(0x000000e49c700000,0x000000e49c800000) (1024K)]
  0x0000028918243fc0 WatcherThread "VM Periodic Task Thread"        [id=26520, stack(0x000000e49c600000,0x000000e49c700000) (1024K)]
  0x00000289181f73c0 WorkerThread "GC Thread#0"                     [id=30312, stack(0x000000e49c500000,0x000000e49c600000) (1024K)]
  0x00000289780c3cc0 WorkerThread "GC Thread#1"                     [id=28664, stack(0x000000e49d600000,0x000000e49d700000) (1024K)]
  0x00000289780c4070 WorkerThread "GC Thread#2"                     [id=36168, stack(0x000000e49d700000,0x000000e49d800000) (1024K)]
  0x00000289780c4420 WorkerThread "GC Thread#3"                     [id=33056, stack(0x000000e49d800000,0x000000e49d900000) (1024K)]
  0x0000028973f3ad10 WorkerThread "GC Thread#4"                     [id=21624, stack(0x000000e49d900000,0x000000e49da00000) (1024K)]
  0x0000028973f3b4c0 WorkerThread "GC Thread#5"                     [id=36244, stack(0x000000e49da00000,0x000000e49db00000) (1024K)]
  0x0000028973f3b870 WorkerThread "GC Thread#6"                     [id=35844, stack(0x000000e49db00000,0x000000e49dc00000) (1024K)]
  0x000002897801a430 WorkerThread "GC Thread#7"                     [id=34948, stack(0x000000e49de00000,0x000000e49df00000) (1024K)]
  0x00000289781b9410 WorkerThread "GC Thread#8"                     [id=17768, stack(0x000000e49df00000,0x000000e49e000000) (1024K)]
  0x00000289738873e0 WorkerThread "GC Thread#9"                     [id=22724, stack(0x000000e49e000000,0x000000e49e100000) (1024K)]
  0x00000289784f6ea0 WorkerThread "GC Thread#10"                    [id=16684, stack(0x000000e49e100000,0x000000e49e200000) (1024K)]
  0x00000289789f0b60 WorkerThread "GC Thread#11"                    [id=25400, stack(0x000000e49e400000,0x000000e49e500000) (1024K)]
  0x00000289716f21d0 WorkerThread "GC Thread#12"                    [id=36080, stack(0x000000e49e800000,0x000000e49e900000) (1024K)]
  0x00000289716f3440 WorkerThread "GC Thread#13"                    [id=36684, stack(0x000000e49e900000,0x000000e49ea00000) (1024K)]
  0x00000289716f2580 WorkerThread "GC Thread#14"                    [id=25444, stack(0x000000e49ed00000,0x000000e49ee00000) (1024K)]
Total: 17

Threads with active compile tasks:
C2 CompilerThread0  18731 5794       4       org.objectweb.asm.ClassReader::readUtf (161 bytes)
C1 CompilerThread0  18731 6005       3       com.google.common.cache.LocalCache$Segment::getFirst (21 bytes)
C1 CompilerThread1  18731 6006       3       com.google.common.cache.LocalCache$Segment::getLiveValue (61 bytes)
C2 CompilerThread1  18731 5860 %     4       sun.security.provider.SHA2::implCompress0 @ 27 (448 bytes)
C2 CompilerThread2  18731 5605       4       sun.nio.cs.StreamDecoder::lockedRead0 (95 bytes)
C1 CompilerThread3  18731 6010       3       com.google.common.cache.LocalCache$Segment::scheduleRefresh (66 bytes)
Total: 6

VM state: not at safepoint (normal execution)

VM Mutex/Monitor currently owned by a thread:  ([mutex/lock_event])
[0x00007ffc3dc5d060] MethodCompileQueue_lock - owner thread: 0x0000028973df0b40
[0x00007ffc3dc5e460] CodeCache_lock - owner thread: 0x0000028973df0b40
[0x00007ffc3dc5e5e0] Compile_lock - owner thread: 0x0000028973df0b40

Heap address: 0x0000000080000000, size: 2048 MB, Compressed Oops mode: 32-bit

CDS archive(s) mapped at: [0x0000028930000000-0x0000028930ba0000-0x0000028930ba0000), size 12189696, SharedBaseAddress: 0x0000028930000000, ArchiveRelocationMode: 1.
Compressed class space mapped at: 0x0000028931000000-0x0000028971000000, reserved size: 1073741824
Narrow klass base: 0x0000028930000000, Narrow klass shift: 0, Narrow klass range: 0x100000000

GC Precious Log:
 CardTable entry size: 512
 CPUs: 20 total, 20 available
 Memory: 16077M
 Large Page Support: Disabled
 NUMA Support: Disabled
 Compressed Oops: Enabled (32-bit)
 Alignments: Space 512K, Generation 512K, Heap 2M
 Heap Min Capacity: 100M
 Heap Initial Capacity: 100M
 Heap Max Capacity: 2G
 Pre-touch: Disabled
 Parallel Workers: 15

Heap:
 PSYoungGen      total 18944K, used 6675K [0x00000000d5580000, 0x00000000d6f00000, 0x0000000100000000)
  eden space 15872K, 25% used [0x00000000d5580000,0x00000000d5978df0,0x00000000d6500000)
  from space 3072K, 84% used [0x00000000d6500000,0x00000000d678c010,0x00000000d6800000)
  to   space 5120K, 0% used [0x00000000d6a00000,0x00000000d6a00000,0x00000000d6f00000)
 ParOldGen       total 68608K, used 28935K [0x0000000080000000, 0x0000000084300000, 0x00000000d5580000)
  object space 68608K, 42% used [0x0000000080000000,0x0000000081c41d40,0x0000000084300000)
 Metaspace       used 43518K, committed 44736K, reserved 1114112K
  class space    used 4661K, committed 5184K, reserved 1048576K

Card table byte_map: [0x000002892a600000,0x000002892aa10000] _byte_map_base: 0x000002892a200000

Marking Bits: (ParMarkBitMap*) 0x00007ffc3dc63450
 Begin Bits: [0x000002892acc0000, 0x000002892ccc0000)
 End Bits:   [0x000002892ccc0000, 0x000002892ecc0000)

Polling page: 0x0000028916840000

Metaspace:

Usage:
  Non-class:     37.95 MB used.
      Class:      4.55 MB used.
       Both:     42.50 MB used.

Virtual space:
  Non-class space:       64.00 MB reserved,      38.62 MB ( 60%) committed,  1 nodes.
      Class space:        1.00 GB reserved,       5.06 MB ( <1%) committed,  1 nodes.
             Both:        1.06 GB reserved,      43.69 MB (  4%) committed. 

Chunk freelists:
   Non-Class:  9.19 MB
       Class:  10.86 MB
        Both:  20.05 MB

MaxMetaspaceSize: unlimited
CompressedClassSpaceSize: 1.00 GB
Initial GC threshold: 21.00 MB
Current GC threshold: 58.38 MB
CDS: on
 - commit_granule_bytes: 65536.
 - commit_granule_words: 8192.
 - virtual_space_node_default_size: 8388608.
 - enlarge_chunks_in_place: 1.
 - use_allocation_guard: 0.


Internal statistics:

num_allocs_failed_limit: 6.
num_arena_births: 936.
num_arena_deaths: 14.
num_vsnodes_births: 2.
num_vsnodes_deaths: 0.
num_space_committed: 699.
num_space_uncommitted: 0.
num_chunks_returned_to_freelist: 20.
num_chunks_taken_from_freelist: 2788.
num_chunk_merges: 7.
num_chunk_splits: 1679.
num_chunks_enlarged: 903.
num_inconsistent_stats: 0.

CodeHeap 'non-profiled nmethods': size=119168Kb used=2506Kb max_used=2506Kb free=116661Kb
 bounds [0x0000028922fc0000, 0x0000028923250000, 0x000002892a420000]
CodeHeap 'profiled nmethods': size=119104Kb used=11651Kb max_used=11651Kb free=107452Kb
 bounds [0x000002891b420000, 0x000002891bf90000, 0x0000028922870000]
CodeHeap 'non-nmethods': size=7488Kb used=3085Kb max_used=3151Kb free=4402Kb
 bounds [0x0000028922870000, 0x0000028922b90000, 0x0000028922fc0000]
CodeCache: size=245760Kb, used=17242Kb, max_used=17308Kb, free=228515Kb
 total_blobs=6093, nmethods=5396, adapters=600, full_count=0
Compilation: enabled, stopped_count=0, restarted_count=0

Compilation events (20 events):
Event: 18.671 Thread 0x000002897164e2d0 nmethod 5891 0x000002891bf35010 code [0x000002891bf35200, 0x000002891bf35550]
Event: 18.671 Thread 0x0000028973df0b40 nmethod 5892 0x000002891bf35690 code [0x000002891bf35860, 0x000002891bf35b08]
Event: 18.671 Thread 0x0000028973df0b40 5893       3       java.lang.invoke.LambdaFormEditor::buffer (12 bytes)
Event: 18.671 Thread 0x0000028978fce8d0 5894       3       java.lang.invoke.LambdaFormBuffer::<init> (89 bytes)
Event: 18.671 Thread 0x000002897857a8e0 5895       3       java.lang.invoke.LambdaFormBuffer::startEdit (247 bytes)
Event: 18.671 Thread 0x000002897164e2d0 5896       3       java.math.BigInteger::shiftRightImplWorker (59 bytes)
Event: 18.671 Thread 0x0000028973df0b40 nmethod 5893 0x000002891bf35c90 code [0x000002891bf35e40, 0x000002891bf35ff8]
Event: 18.671 Thread 0x0000028973df0b40 5897   !   3       java.lang.invoke.LambdaFormEditor::putInCache (523 bytes)
Event: 18.671 Thread 0x000002897164e2d0 nmethod 5896 0x000002891bf36090 code [0x000002891bf36240, 0x000002891bf364a8]
Event: 18.671 Thread 0x0000028978fce8d0 nmethod 5894 0x000002891bf36610 code [0x000002891bf367c0, 0x000002891bf36ac8]
Event: 18.671 Thread 0x000002897164e2d0 5898       2       sun.invoke.util.VerifyType::isNullConversion (157 bytes)
Event: 18.672 Thread 0x0000028978fce8d0 5899       3       java.lang.invoke.InvokerBytecodeGenerator::emitReturn (107 bytes)
Event: 18.672 Thread 0x000002897857a8e0 nmethod 5895 0x000002891bf36c10 code [0x000002891bf36e20, 0x000002891bf37438]
Event: 18.673 Thread 0x000002897857a8e0 5900       3       sun.reflect.annotation.AnnotationParser$1::run (40 bytes)
Event: 18.673 Thread 0x0000028978fce8d0 nmethod 5899 0x000002891bf37610 code [0x000002891bf37820, 0x000002891bf37cd8]
Event: 18.673 Thread 0x0000028978fce8d0 5901       3       jdk.internal.org.objectweb.asm.ByteVector::putShort (52 bytes)
Event: 18.673 Thread 0x000002897857a8e0 nmethod 5900 0x000002891bf37f10 code [0x000002891bf38100, 0x000002891bf38788]
Event: 18.673 Thread 0x000002897164e2d0 nmethod 5898 0x000002891bf38990 code [0x000002891bf38bc0, 0x000002891bf39240]
Event: 18.673 Thread 0x0000028978fce8d0 nmethod 5901 0x000002891bf39510 code [0x000002891bf396c0, 0x000002891bf398c0]
Event: 18.674 Thread 0x0000028973df0b40 nmethod 5897 0x000002891bf39a10 code [0x000002891bf39e60, 0x000002891bf3c808]

GC Heap History (20 events):
Event: 17.007 GC heap before
{Heap before GC invocations=9 (full 1):
 PSYoungGen      total 29184K, used 24576K [0x00000000d5580000, 0x00000000d7780000, 0x0000000100000000)
  eden space 24576K, 100% used [0x00000000d5580000,0x00000000d6d80000,0x00000000d6d80000)
  from space 4608K, 0% used [0x00000000d6e00000,0x00000000d6e00000,0x00000000d7280000)
  to   space 5120K, 0% used [0x00000000d7280000,0x00000000d7280000,0x00000000d7780000)
 ParOldGen       total 68608K, used 13119K [0x0000000080000000, 0x0000000084300000, 0x00000000d5580000)
  object space 68608K, 19% used [0x0000000080000000,0x0000000080ccfe50,0x0000000084300000)
 Metaspace       used 22691K, committed 23616K, reserved 1114112K
  class space    used 2366K, committed 2752K, reserved 1048576K
}
Event: 17.009 GC heap after
{Heap after GC invocations=9 (full 1):
 PSYoungGen      total 26624K, used 2496K [0x00000000d5580000, 0x00000000d7500000, 0x0000000100000000)
  eden space 24064K, 0% used [0x00000000d5580000,0x00000000d5580000,0x00000000d6d00000)
  from space 2560K, 97% used [0x00000000d7280000,0x00000000d74f02c8,0x00000000d7500000)
  to   space 3584K, 0% used [0x00000000d6e00000,0x00000000d6e00000,0x00000000d7180000)
 ParOldGen       total 68608K, used 13127K [0x0000000080000000, 0x0000000084300000, 0x00000000d5580000)
  object space 68608K, 19% used [0x0000000080000000,0x0000000080cd1e50,0x0000000084300000)
 Metaspace       used 22691K, committed 23616K, reserved 1114112K
  class space    used 2366K, committed 2752K, reserved 1048576K
}
Event: 17.226 GC heap before
{Heap before GC invocations=10 (full 1):
 PSYoungGen      total 26624K, used 26560K [0x00000000d5580000, 0x00000000d7500000, 0x0000000100000000)
  eden space 24064K, 100% used [0x00000000d5580000,0x00000000d6d00000,0x00000000d6d00000)
  from space 2560K, 97% used [0x00000000d7280000,0x00000000d74f02c8,0x00000000d7500000)
  to   space 3584K, 0% used [0x00000000d6e00000,0x00000000d6e00000,0x00000000d7180000)
 ParOldGen       total 68608K, used 13127K [0x0000000080000000, 0x0000000084300000, 0x00000000d5580000)
  object space 68608K, 19% used [0x0000000080000000,0x0000000080cd1e50,0x0000000084300000)
 Metaspace       used 26393K, committed 27392K, reserved 1114112K
  class space    used 2626K, committed 3072K, reserved 1048576K
}
Event: 17.227 GC heap after
{Heap after GC invocations=10 (full 1):
 PSYoungGen      total 25088K, used 1490K [0x00000000d5580000, 0x00000000d7300000, 0x0000000100000000)
  eden space 23552K, 0% used [0x00000000d5580000,0x00000000d5580000,0x00000000d6c80000)
  from space 1536K, 97% used [0x00000000d6e00000,0x00000000d6f74aa0,0x00000000d6f80000)
  to   space 2048K, 0% used [0x00000000d7100000,0x00000000d7100000,0x00000000d7300000)
 ParOldGen       total 68608K, used 13135K [0x0000000080000000, 0x0000000084300000, 0x00000000d5580000)
  object space 68608K, 19% used [0x0000000080000000,0x0000000080cd3e50,0x0000000084300000)
 Metaspace       used 26393K, committed 27392K, reserved 1114112K
  class space    used 2626K, committed 3072K, reserved 1048576K
}
Event: 17.439 GC heap before
{Heap before GC invocations=11 (full 1):
 PSYoungGen      total 25088K, used 25042K [0x00000000d5580000, 0x00000000d7300000, 0x0000000100000000)
  eden space 23552K, 100% used [0x00000000d5580000,0x00000000d6c80000,0x00000000d6c80000)
  from space 1536K, 97% used [0x00000000d6e00000,0x00000000d6f74aa0,0x00000000d6f80000)
  to   space 2048K, 0% used [0x00000000d7100000,0x00000000d7100000,0x00000000d7300000)
 ParOldGen       total 68608K, used 13135K [0x0000000080000000, 0x0000000084300000, 0x00000000d5580000)
  object space 68608K, 19% used [0x0000000080000000,0x0000000080cd3e50,0x0000000084300000)
 Metaspace       used 27898K, committed 28928K, reserved 1114112K
  class space    used 2731K, committed 3200K, reserved 1048576K
}
Event: 17.441 GC heap after
{Heap after GC invocations=11 (full 1):
 PSYoungGen      total 25088K, used 1915K [0x00000000d5580000, 0x00000000d7300000, 0x0000000100000000)
  eden space 23040K, 0% used [0x00000000d5580000,0x00000000d5580000,0x00000000d6c00000)
  from space 2048K, 93% used [0x00000000d7100000,0x00000000d72deda0,0x00000000d7300000)
  to   space 2048K, 0% used [0x00000000d6f00000,0x00000000d6f00000,0x00000000d7100000)
 ParOldGen       total 68608K, used 15000K [0x0000000080000000, 0x0000000084300000, 0x00000000d5580000)
  object space 68608K, 21% used [0x0000000080000000,0x0000000080ea62a8,0x0000000084300000)
 Metaspace       used 27898K, committed 28928K, reserved 1114112K
  class space    used 2731K, committed 3200K, reserved 1048576K
}
Event: 17.799 GC heap before
{Heap before GC invocations=12 (full 1):
 PSYoungGen      total 25088K, used 24916K [0x00000000d5580000, 0x00000000d7300000, 0x0000000100000000)
  eden space 23040K, 99% used [0x00000000d5580000,0x00000000d6bf64a8,0x00000000d6c00000)
  from space 2048K, 93% used [0x00000000d7100000,0x00000000d72deda0,0x00000000d7300000)
  to   space 2048K, 0% used [0x00000000d6f00000,0x00000000d6f00000,0x00000000d7100000)
 ParOldGen       total 68608K, used 15000K [0x0000000080000000, 0x0000000084300000, 0x00000000d5580000)
  object space 68608K, 21% used [0x0000000080000000,0x0000000080ea62a8,0x0000000084300000)
 Metaspace       used 31218K, committed 32320K, reserved 1114112K
  class space    used 3103K, committed 3584K, reserved 1048576K
}
Event: 17.801 GC heap after
{Heap after GC invocations=12 (full 1):
 PSYoungGen      total 24576K, used 2016K [0x00000000d5580000, 0x00000000d7480000, 0x0000000100000000)
  eden space 22528K, 0% used [0x00000000d5580000,0x00000000d5580000,0x00000000d6b80000)
  from space 2048K, 98% used [0x00000000d6f00000,0x00000000d70f80c0,0x00000000d7100000)
  to   space 3584K, 0% used [0x00000000d7100000,0x00000000d7100000,0x00000000d7480000)
 ParOldGen       total 68608K, used 16866K [0x0000000080000000, 0x0000000084300000, 0x00000000d5580000)
  object space 68608K, 24% used [0x0000000080000000,0x0000000081078bb8,0x0000000084300000)
 Metaspace       used 31218K, committed 32320K, reserved 1114112K
  class space    used 3103K, committed 3584K, reserved 1048576K
}
Event: 17.967 GC heap before
{Heap before GC invocations=13 (full 1):
 PSYoungGen      total 24576K, used 24544K [0x00000000d5580000, 0x00000000d7480000, 0x0000000100000000)
  eden space 22528K, 100% used [0x00000000d5580000,0x00000000d6b80000,0x00000000d6b80000)
  from space 2048K, 98% used [0x00000000d6f00000,0x00000000d70f80c0,0x00000000d7100000)
  to   space 3584K, 0% used [0x00000000d7100000,0x00000000d7100000,0x00000000d7480000)
 ParOldGen       total 68608K, used 16866K [0x0000000080000000, 0x0000000084300000, 0x00000000d5580000)
  object space 68608K, 24% used [0x0000000080000000,0x0000000081078bb8,0x0000000084300000)
 Metaspace       used 34158K, committed 35328K, reserved 1114112K
  class space    used 3434K, committed 3904K, reserved 1048576K
}
Event: 17.970 GC heap after
{Heap after GC invocations=13 (full 1):
 PSYoungGen      total 25600K, used 3558K [0x00000000d5580000, 0x00000000d7480000, 0x0000000100000000)
  eden space 22016K, 0% used [0x00000000d5580000,0x00000000d5580000,0x00000000d6b00000)
  from space 3584K, 99% used [0x00000000d7100000,0x00000000d7479ac8,0x00000000d7480000)
  to   space 4096K, 0% used [0x00000000d6c80000,0x00000000d6c80000,0x00000000d7080000)
 ParOldGen       total 68608K, used 19863K [0x0000000080000000, 0x0000000084300000, 0x00000000d5580000)
  object space 68608K, 28% used [0x0000000080000000,0x0000000081365d60,0x0000000084300000)
 Metaspace       used 34158K, committed 35328K, reserved 1114112K
  class space    used 3434K, committed 3904K, reserved 1048576K
}
Event: 18.033 GC heap before
{Heap before GC invocations=14 (full 1):
 PSYoungGen      total 25600K, used 12363K [0x00000000d5580000, 0x00000000d7480000, 0x0000000100000000)
  eden space 22016K, 39% used [0x00000000d5580000,0x00000000d5e19368,0x00000000d6b00000)
  from space 3584K, 99% used [0x00000000d7100000,0x00000000d7479ac8,0x00000000d7480000)
  to   space 4096K, 0% used [0x00000000d6c80000,0x00000000d6c80000,0x00000000d7080000)
 ParOldGen       total 68608K, used 19863K [0x0000000080000000, 0x0000000084300000, 0x00000000d5580000)
  object space 68608K, 28% used [0x0000000080000000,0x0000000081365d60,0x0000000084300000)
 Metaspace       used 34758K, committed 35840K, reserved 1114112K
  class space    used 3515K, committed 3968K, reserved 1048576K
}
Event: 18.035 GC heap after
{Heap after GC invocations=14 (full 1):
 PSYoungGen      total 23552K, used 1312K [0x00000000d5580000, 0x00000000d7180000, 0x0000000100000000)
  eden space 22016K, 0% used [0x00000000d5580000,0x00000000d5580000,0x00000000d6b00000)
  from space 1536K, 85% used [0x00000000d6c80000,0x00000000d6dc8000,0x00000000d6e00000)
  to   space 2560K, 0% used [0x00000000d6f00000,0x00000000d6f00000,0x00000000d7180000)
 ParOldGen       total 68608K, used 21189K [0x0000000080000000, 0x0000000084300000, 0x00000000d5580000)
  object space 68608K, 30% used [0x0000000080000000,0x00000000814b1690,0x0000000084300000)
 Metaspace       used 34758K, committed 35840K, reserved 1114112K
  class space    used 3515K, committed 3968K, reserved 1048576K
}
Event: 18.035 GC heap before
{Heap before GC invocations=15 (full 2):
 PSYoungGen      total 23552K, used 1312K [0x00000000d5580000, 0x00000000d7180000, 0x0000000100000000)
  eden space 22016K, 0% used [0x00000000d5580000,0x00000000d5580000,0x00000000d6b00000)
  from space 1536K, 85% used [0x00000000d6c80000,0x00000000d6dc8000,0x00000000d6e00000)
  to   space 2560K, 0% used [0x00000000d6f00000,0x00000000d6f00000,0x00000000d7180000)
 ParOldGen       total 68608K, used 21189K [0x0000000080000000, 0x0000000084300000, 0x00000000d5580000)
  object space 68608K, 30% used [0x0000000080000000,0x00000000814b1690,0x0000000084300000)
 Metaspace       used 34758K, committed 35840K, reserved 1114112K
  class space    used 3515K, committed 3968K, reserved 1048576K
}
Event: 18.065 GC heap after
{Heap after GC invocations=15 (full 2):
 PSYoungGen      total 23552K, used 0K [0x00000000d5580000, 0x00000000d7180000, 0x0000000100000000)
  eden space 22016K, 0% used [0x00000000d5580000,0x00000000d5580000,0x00000000d6b00000)
  from space 1536K, 0% used [0x00000000d6c80000,0x00000000d6c80000,0x00000000d6e00000)
  to   space 2560K, 0% used [0x00000000d6f00000,0x00000000d6f00000,0x00000000d7180000)
 ParOldGen       total 68608K, used 19964K [0x0000000080000000, 0x0000000084300000, 0x00000000d5580000)
  object space 68608K, 29% used [0x0000000080000000,0x000000008137f290,0x0000000084300000)
 Metaspace       used 34758K, committed 35840K, reserved 1114112K
  class space    used 3515K, committed 3968K, reserved 1048576K
}
Event: 18.223 GC heap before
{Heap before GC invocations=16 (full 2):
 PSYoungGen      total 23552K, used 22016K [0x00000000d5580000, 0x00000000d7180000, 0x0000000100000000)
  eden space 22016K, 100% used [0x00000000d5580000,0x00000000d6b00000,0x00000000d6b00000)
  from space 1536K, 0% used [0x00000000d6c80000,0x00000000d6c80000,0x00000000d6e00000)
  to   space 2560K, 0% used [0x00000000d6f00000,0x00000000d6f00000,0x00000000d7180000)
 ParOldGen       total 68608K, used 19964K [0x0000000080000000, 0x0000000084300000, 0x00000000d5580000)
  object space 68608K, 29% used [0x0000000080000000,0x000000008137f290,0x0000000084300000)
 Metaspace       used 38057K, committed 39296K, reserved 1114112K
  class space    used 3949K, committed 4480K, reserved 1048576K
}
Event: 18.226 GC heap after
{Heap after GC invocations=16 (full 2):
 PSYoungGen      total 23040K, used 992K [0x00000000d5580000, 0x00000000d7000000, 0x0000000100000000)
  eden space 22016K, 0% used [0x00000000d5580000,0x00000000d5580000,0x00000000d6b00000)
  from space 1024K, 96% used [0x00000000d6f00000,0x00000000d6ff8000,0x00000000d7000000)
  to   space 1536K, 0% used [0x00000000d6d00000,0x00000000d6d00000,0x00000000d6e80000)
 ParOldGen       total 68608K, used 19972K [0x0000000080000000, 0x0000000084300000, 0x00000000d5580000)
  object space 68608K, 29% used [0x0000000080000000,0x0000000081381290,0x0000000084300000)
 Metaspace       used 38057K, committed 39296K, reserved 1114112K
  class space    used 3949K, committed 4480K, reserved 1048576K
}
Event: 18.435 GC heap before
{Heap before GC invocations=17 (full 2):
 PSYoungGen      total 23040K, used 23008K [0x00000000d5580000, 0x00000000d7000000, 0x0000000100000000)
  eden space 22016K, 100% used [0x00000000d5580000,0x00000000d6b00000,0x00000000d6b00000)
  from space 1024K, 96% used [0x00000000d6f00000,0x00000000d6ff8000,0x00000000d7000000)
  to   space 1536K, 0% used [0x00000000d6d00000,0x00000000d6d00000,0x00000000d6e80000)
 ParOldGen       total 68608K, used 19972K [0x0000000080000000, 0x0000000084300000, 0x00000000d5580000)
  object space 68608K, 29% used [0x0000000080000000,0x0000000081381290,0x0000000084300000)
 Metaspace       used 40772K, committed 41984K, reserved 1114112K
  class space    used 4285K, committed 4800K, reserved 1048576K
}
Event: 18.437 GC heap after
{Heap after GC invocations=17 (full 2):
 PSYoungGen      total 23552K, used 1520K [0x00000000d5580000, 0x00000000d7000000, 0x0000000100000000)
  eden space 22016K, 0% used [0x00000000d5580000,0x00000000d5580000,0x00000000d6b00000)
  from space 1536K, 98% used [0x00000000d6d00000,0x00000000d6e7c010,0x00000000d6e80000)
  to   space 1536K, 0% used [0x00000000d6e80000,0x00000000d6e80000,0x00000000d7000000)
 ParOldGen       total 68608K, used 20632K [0x0000000080000000, 0x0000000084300000, 0x00000000d5580000)
  object space 68608K, 30% used [0x0000000080000000,0x00000000814262a0,0x0000000084300000)
 Metaspace       used 40772K, committed 41984K, reserved 1114112K
  class space    used 4285K, committed 4800K, reserved 1048576K
}
Event: 18.598 GC heap before
{Heap before GC invocations=18 (full 2):
 PSYoungGen      total 23552K, used 23536K [0x00000000d5580000, 0x00000000d7000000, 0x0000000100000000)
  eden space 22016K, 100% used [0x00000000d5580000,0x00000000d6b00000,0x00000000d6b00000)
  from space 1536K, 98% used [0x00000000d6d00000,0x00000000d6e7c010,0x00000000d6e80000)
  to   space 1536K, 0% used [0x00000000d6e80000,0x00000000d6e80000,0x00000000d7000000)
 ParOldGen       total 68608K, used 20632K [0x0000000080000000, 0x0000000084300000, 0x00000000d5580000)
  object space 68608K, 30% used [0x0000000080000000,0x00000000814262a0,0x0000000084300000)
 Metaspace       used 41642K, committed 42880K, reserved 1114112K
  class space    used 4400K, committed 4928K, reserved 1048576K
}
Event: 18.602 GC heap after
{Heap after GC invocations=18 (full 2):
 PSYoungGen      total 17408K, used 1529K [0x00000000d5580000, 0x00000000d7e00000, 0x0000000100000000)
  eden space 15872K, 0% used [0x00000000d5580000,0x00000000d5580000,0x00000000d6500000)
  from space 1536K, 99% used [0x00000000d6e80000,0x00000000d6ffe7e0,0x00000000d7000000)
  to   space 9728K, 0% used [0x00000000d6500000,0x00000000d6500000,0x00000000d6e80000)
 ParOldGen       total 68608K, used 27326K [0x0000000080000000, 0x0000000084300000, 0x00000000d5580000)
  object space 68608K, 39% used [0x0000000080000000,0x0000000081aaf920,0x0000000084300000)
 Metaspace       used 41642K, committed 42880K, reserved 1114112K
  class space    used 4400K, committed 4928K, reserved 1048576K
}

Dll operation events (12 events):
Event: 0.035 Loaded shared library c:\Users\13372\.trae-cn\extensions\redhat.java-1.53.0-win32-x64\jre\21.0.10-win32-x86_64\bin\java.dll
Event: 0.087 Loaded shared library c:\Users\13372\.trae-cn\extensions\redhat.java-1.53.0-win32-x64\jre\21.0.10-win32-x86_64\bin\zip.dll
Event: 0.177 Loaded shared library C:\Users\13372\.trae-cn\extensions\redhat.java-1.53.0-win32-x64\jre\21.0.10-win32-x86_64\bin\instrument.dll
Event: 0.251 Loaded shared library C:\Users\13372\.trae-cn\extensions\redhat.java-1.53.0-win32-x64\jre\21.0.10-win32-x86_64\bin\net.dll
Event: 0.306 Loaded shared library C:\Users\13372\.trae-cn\extensions\redhat.java-1.53.0-win32-x64\jre\21.0.10-win32-x86_64\bin\nio.dll
Event: 0.309 Loaded shared library C:\Users\13372\.trae-cn\extensions\redhat.java-1.53.0-win32-x64\jre\21.0.10-win32-x86_64\bin\zip.dll
Event: 0.332 Loaded shared library C:\Users\13372\.trae-cn\extensions\redhat.java-1.53.0-win32-x64\jre\21.0.10-win32-x86_64\bin\jimage.dll
Event: 0.483 Loaded shared library c:\Users\13372\.trae-cn\extensions\redhat.java-1.53.0-win32-x64\jre\21.0.10-win32-x86_64\bin\verify.dll
Event: 9.477 Loaded shared library C:\Users\13372\AppData\Roaming\Trae CN\User\globalStorage\redhat.java\1.53.0\config_win\org.eclipse.equinox.launcher\org.eclipse.equinox.launcher.win32.win32.x86_64_1.3.0.v20260203-2149\eclipse_11919.dll
Event: 16.074 Loaded shared library C:\Users\13372\AppData\Local\Temp\jna-46822636\jna4298699860026325690.dll
Event: 18.181 Loaded shared library C:\Users\13372\.trae-cn\extensions\redhat.java-1.53.0-win32-x64\jre\21.0.10-win32-x86_64\bin\sunmscapi.dll
Event: 18.319 Loaded shared library C:\Users\13372\.trae-cn\extensions\redhat.java-1.53.0-win32-x64\jre\21.0.10-win32-x86_64\bin\extnet.dll

Deoptimization events (20 events):
Event: 18.576 Thread 0x0000028978536110 Uncommon trap: trap_request=0xffffffde fr.pc=0x00000289230ff148 relative=0x00000000000006c8
Event: 18.576 Thread 0x0000028978536110 Uncommon trap: reason=class_check action=maybe_recompile pc=0x00000289230ff148 method=java.lang.AbstractStringBuilder.<init>(Ljava/lang/String;)V @ 58 c2
Event: 18.576 Thread 0x0000028978536110 DEOPT PACKING pc=0x00000289230ff148 sp=0x000000e49ecfea50
Event: 18.576 Thread 0x0000028978536110 DEOPT UNPACKING pc=0x00000289228c3aa2 sp=0x000000e49ecfea30 mode 2
Event: 18.584 Thread 0x0000028978536110 Uncommon trap: trap_request=0xffffff3d fr.pc=0x0000028923086b08 relative=0x0000000000000068
Event: 18.584 Thread 0x0000028978536110 Uncommon trap: reason=unstable_fused_if action=reinterpret pc=0x0000028923086b08 method=java.lang.CharacterDataLatin1.equalsIgnoreCase(BB)Z @ 16 c2
Event: 18.584 Thread 0x0000028978536110 DEOPT PACKING pc=0x0000028923086b08 sp=0x000000e49ecfe860
Event: 18.584 Thread 0x0000028978536110 DEOPT UNPACKING pc=0x00000289228c3aa2 sp=0x000000e49ecfe7e0 mode 2
Event: 18.584 Thread 0x0000028978536110 Uncommon trap: trap_request=0xffffff6e fr.pc=0x0000028923168b90 relative=0x0000000000000650
Event: 18.584 Thread 0x0000028978536110 Uncommon trap: reason=loop_limit_check action=maybe_recompile pc=0x0000028923168b90 method=java.util.regex.Pattern$Start.match(Ljava/util/regex/Matcher;ILjava/lang/CharSequence;)Z @ 34 c2
Event: 18.584 Thread 0x0000028978536110 DEOPT PACKING pc=0x0000028923168b90 sp=0x000000e49ecfe3c0
Event: 18.584 Thread 0x0000028978536110 DEOPT UNPACKING pc=0x00000289228c3aa2 sp=0x000000e49ecfe310 mode 2
Event: 18.671 Thread 0x000002897a50abe0 Uncommon trap: trap_request=0xfffffff4 fr.pc=0x00000289231812a8 relative=0x0000000000000368
Event: 18.671 Thread 0x000002897a50abe0 Uncommon trap: reason=null_check action=make_not_entrant pc=0x00000289231812a8 method=sun.invoke.util.VerifyType.isNullConversion(Ljava/lang/Class;Ljava/lang/Class;Z)Z @ 12 c2
Event: 18.671 Thread 0x000002897a50abe0 DEOPT PACKING pc=0x00000289231812a8 sp=0x000000e4a0afc950
Event: 18.671 Thread 0x000002897a50abe0 DEOPT UNPACKING pc=0x00000289228c3aa2 sp=0x000000e4a0afc8d8 mode 2
Event: 18.671 Thread 0x000002897a50abe0 Uncommon trap: trap_request=0xffffff45 fr.pc=0x00000289230244a8 relative=0x0000000000000108
Event: 18.671 Thread 0x000002897a50abe0 Uncommon trap: reason=unstable_if action=reinterpret pc=0x00000289230244a8 method=jdk.internal.org.objectweb.asm.ByteVector.putShort(I)Ljdk/internal/org/objectweb/asm/ByteVector; @ 13 c2
Event: 18.671 Thread 0x000002897a50abe0 DEOPT PACKING pc=0x00000289230244a8 sp=0x000000e4a0afc550
Event: 18.672 Thread 0x000002897a50abe0 DEOPT UNPACKING pc=0x00000289228c3aa2 sp=0x000000e4a0afc4d8 mode 2

Classes loaded (20 events):
Event: 18.666 Loading class sun/security/ssl/XDHKeyExchange$1
Event: 18.666 Loading class sun/security/ssl/XDHKeyExchange$1 done
Event: 18.666 Loading class sun/security/ssl/KeyShareExtension$KeyShareEntry
Event: 18.666 Loading class sun/security/ssl/KeyShareExtension$KeyShareEntry done
Event: 18.667 Loading class sun/security/ssl/ECDHKeyExchange$ECDHEPossession
Event: 18.667 Loading class sun/security/ssl/ECDHKeyExchange$ECDHEPossession done
Event: 18.669 Loading class sun/security/util/math/intpoly/IntegerPolynomialP384
Event: 18.669 Loading class sun/security/util/math/intpoly/IntegerPolynomialP384 done
Event: 18.670 Loading class sun/security/util/math/intpoly/IntegerPolynomialP521
Event: 18.670 Loading class sun/security/util/math/intpoly/IntegerPolynomialP521 done
Event: 18.670 Loading class sun/security/util/math/intpoly/P384OrderField
Event: 18.670 Loading class sun/security/util/math/intpoly/P384OrderField done
Event: 18.670 Loading class java/lang/invoke/MethodHandleImpl$CountingWrapper
Event: 18.670 Loading class java/lang/invoke/MethodHandleImpl$CountingWrapper done
Event: 18.670 Loading class sun/security/util/math/intpoly/P521OrderField
Event: 18.671 Loading class sun/security/util/math/intpoly/P521OrderField done
Event: 18.672 Loading class java/security/interfaces/ECPrivateKey
Event: 18.672 Loading class java/security/interfaces/ECPrivateKey done
Event: 18.673 Loading class sun/security/util/ArrayUtil
Event: 18.673 Loading class sun/security/util/ArrayUtil done

Classes unloaded (7 events):
Event: 16.716 Thread 0x0000028918253b80 Unloading class 0x00000289311ad000 'java/lang/invoke/LambdaForm$MH+0x00000289311ad000'
Event: 16.716 Thread 0x0000028918253b80 Unloading class 0x00000289311acc00 'java/lang/invoke/LambdaForm$MH+0x00000289311acc00'
Event: 16.716 Thread 0x0000028918253b80 Unloading class 0x00000289311ac800 'java/lang/invoke/LambdaForm$MH+0x00000289311ac800'
Event: 16.716 Thread 0x0000028918253b80 Unloading class 0x00000289311ac400 'java/lang/invoke/LambdaForm$MH+0x00000289311ac400'
Event: 16.716 Thread 0x0000028918253b80 Unloading class 0x00000289311ac000 'java/lang/invoke/LambdaForm$BMH+0x00000289311ac000'
Event: 16.716 Thread 0x0000028918253b80 Unloading class 0x00000289311abc00 'java/lang/invoke/LambdaForm$DMH+0x00000289311abc00'
Event: 16.716 Thread 0x0000028918253b80 Unloading class 0x00000289311aac00 'java/lang/invoke/LambdaForm$DMH+0x00000289311aac00'

Classes redefined (0 events):
No events

Internal exceptions (20 events):
Event: 17.993 Thread 0x0000028978535a80 Exception <a 'sun/nio/fs/WindowsException'{0x00000000d595d638}> (0x00000000d595d638) 
thrown [s\src\hotspot\share\prims\jni.cpp, line 520]
Event: 17.993 Thread 0x0000028978535a80 Exception <a 'sun/nio/fs/WindowsException'{0x00000000d595dc68}> (0x00000000d595dc68) 
thrown [s\src\hotspot\share\prims\jni.cpp, line 520]
Event: 18.238 Thread 0x00000289165ede40 Exception <a 'java/lang/NoSuchMethodError'{0x00000000d57dda10}: 'void java.lang.invoke.DirectMethodHandle$Holder.invokeSpecial(java.lang.Object, java.lang.Object, java.lang.Object, java.lang.Object, java.lang.Object, java.lang.Object)'> (0x00000000d57dda10) 
thrown [s\src\hotspot\share\interpreter\linkResolver.cpp, line 773]
Event: 18.239 Thread 0x00000289165ede40 Exception <a 'java/lang/IncompatibleClassChangeError'{0x00000000d584d510}: Found class java.lang.Object, but interface was expected> (0x00000000d584d510) 
thrown [s\src\hotspot\share\interpreter\linkResolver.cpp, line 840]
Event: 18.240 Thread 0x00000289165ede40 Exception <a 'java/lang/IncompatibleClassChangeError'{0x00000000d584f358}: Found class java.lang.Object, but interface was expected> (0x00000000d584f358) 
thrown [s\src\hotspot\share\interpreter\linkResolver.cpp, line 840]
Event: 18.317 Thread 0x0000028978535a80 Exception <a 'sun/nio/fs/WindowsException'{0x00000000d6131818}> (0x00000000d6131818) 
thrown [s\src\hotspot\share\prims\jni.cpp, line 520]
Event: 18.349 Thread 0x0000028978535a80 Exception <a 'java/io/FileNotFoundException'{0x00000000d6413b70}> (0x00000000d6413b70) 
thrown [s\src\hotspot\share\prims\jni.cpp, line 520]
Event: 18.349 Thread 0x0000028978535a80 Exception <a 'java/io/FileNotFoundException'{0x00000000d6415470}> (0x00000000d6415470) 
thrown [s\src\hotspot\share\prims\jni.cpp, line 520]
Event: 18.352 Thread 0x0000028978535a80 Exception <a 'java/lang/NoSuchMethodError'{0x00000000d6449888}: 'java.lang.Object java.lang.invoke.DirectMethodHandle$Holder.newInvokeSpecial(java.lang.Object, java.lang.Object, java.lang.Object, int)'> (0x00000000d6449888) 
thrown [s\src\hotspot\share\interpreter\linkResolver.cpp, line 773]
Event: 18.353 Thread 0x0000028978535a80 Exception <a 'java/lang/NoSuchMethodError'{0x00000000d644d500}: 'java.lang.Object java.lang.invoke.DirectMethodHandle$Holder.invokeSpecial(java.lang.Object, java.lang.Object, java.lang.Object, java.lang.Object, int)'> (0x00000000d644d500) 
thrown [s\src\hotspot\share\interpreter\linkResolver.cpp, line 773]
Event: 18.354 Thread 0x0000028978535a80 Exception <a 'java/lang/NoSuchMethodError'{0x00000000d64805e0}: 'java.lang.Object java.lang.invoke.Invokers$Holder.linkToTargetMethod(java.lang.Object, java.lang.Object, int, java.lang.Object)'> (0x00000000d64805e0) 
thrown [s\src\hotspot\share\interpreter\linkResolver.cpp, line 773]
Event: 18.357 Thread 0x0000028978535a80 Exception <a 'java/lang/NoSuchMethodError'{0x00000000d6494f58}: 'void java.lang.invoke.DirectMethodHandle$Holder.invokeStaticInit(java.lang.Object, java.lang.Object, java.lang.Object)'> (0x00000000d6494f58) 
thrown [s\src\hotspot\share\interpreter\linkResolver.cpp, line 773]
Event: 18.398 Thread 0x0000028973df42d0 Exception <a 'java/lang/NoClassDefFoundError'{0x00000000d6745bd8}: javax/enterprise/inject/Typed> (0x00000000d6745bd8) 
thrown [s\src\hotspot\share\classfile\systemDictionary.cpp, line 301]
Event: 18.536 Thread 0x0000028978535a80 Exception <a 'java/io/FileNotFoundException'{0x00000000d5f8ef58}> (0x00000000d5f8ef58) 
thrown [s\src\hotspot\share\prims\jni.cpp, line 520]
Event: 18.536 Thread 0x0000028978535a80 Exception <a 'java/io/FileNotFoundException'{0x00000000d5f8fe90}> (0x00000000d5f8fe90) 
thrown [s\src\hotspot\share\prims\jni.cpp, line 520]
Event: 18.635 Thread 0x000002897a50abe0 Exception <a 'java/io/FileNotFoundException'{0x00000000d5cea780}> (0x00000000d5cea780) 
thrown [s\src\hotspot\share\prims\jni.cpp, line 520]
Event: 18.670 Thread 0x000002897a50abe0 Exception <a 'java/lang/NoSuchMethodError'{0x00000000d61d7d30}: 'java.lang.Object java.lang.invoke.DirectMethodHandle$Holder.invokeStatic(java.lang.Object, int, java.lang.Object, java.lang.Object)'> (0x00000000d61d7d30) 
thrown [s\src\hotspot\share\interpreter\linkResolver.cpp, line 773]
Event: 18.670 Thread 0x000002897a50abe0 Exception <a 'java/lang/NoSuchMethodError'{0x00000000d61db530}: 'java.lang.Object java.lang.invoke.DelegatingMethodHandle$Holder.delegate(java.lang.Object, int, java.lang.Object, java.lang.Object)'> (0x00000000d61db530) 
thrown [s\src\hotspot\share\interpreter\linkResolver.cpp, line 773]
Event: 18.671 Thread 0x000002897a50abe0 Implicit null exception at 0x0000028923180f76 to 0x0000028923181298
Event: 18.673 Thread 0x000002897a50abe0 Exception <a 'java/lang/NoSuchMethodError'{0x00000000d62435f0}: 'int java.lang.invoke.Invokers$Holder.linkToTargetMethod(java.lang.Object, java.lang.Object, java.lang.Object)'> (0x00000000d62435f0) 
thrown [s\src\hotspot\share\interpreter\linkResolver.cpp, line 773]

ZGC Phase Switch (0 events):
No events

VM Operations (20 events):
Event: 18.033 Executing safepoint VM operation: CollectForMetadataAllocation (Metadata GC Threshold)
Event: 18.065 Executing safepoint VM operation: CollectForMetadataAllocation (Metadata GC Threshold) done
Event: 18.193 Executing non-safepoint VM operation: HandshakeAllThreads (Deoptimize)
Event: 18.193 Executing non-safepoint VM operation: HandshakeAllThreads (Deoptimize) done
Event: 18.201 Executing non-safepoint VM operation: HandshakeAllThreads (Deoptimize)
Event: 18.201 Executing non-safepoint VM operation: HandshakeAllThreads (Deoptimize) done
Event: 18.223 Executing safepoint VM operation: ParallelGCFailedAllocation (Allocation Failure)
Event: 18.226 Executing safepoint VM operation: ParallelGCFailedAllocation (Allocation Failure) done
Event: 18.237 Executing non-safepoint VM operation: HandshakeAllThreads (Deoptimize)
Event: 18.238 Executing non-safepoint VM operation: HandshakeAllThreads (Deoptimize) done
Event: 18.383 Executing non-safepoint VM operation: HandshakeAllThreads (Deoptimize)
Event: 18.383 Executing non-safepoint VM operation: HandshakeAllThreads (Deoptimize) done
Event: 18.435 Executing safepoint VM operation: ParallelGCFailedAllocation (Allocation Failure)
Event: 18.437 Executing safepoint VM operation: ParallelGCFailedAllocation (Allocation Failure) done
Event: 18.586 Executing non-safepoint VM operation: HandshakeAllThreads (Deoptimize)
Event: 18.594 Executing non-safepoint VM operation: HandshakeAllThreads (Deoptimize) done
Event: 18.598 Executing safepoint VM operation: ParallelGCFailedAllocation (Allocation Failure)
Event: 18.602 Executing safepoint VM operation: ParallelGCFailedAllocation (Allocation Failure) done
Event: 18.617 Executing non-safepoint VM operation: HandshakeAllThreads (Deoptimize)
Event: 18.625 Executing non-safepoint VM operation: HandshakeAllThreads (Deoptimize) done

Memory protections (0 events):
No events

Nmethod flushes (20 events):
Event: 18.052 Thread 0x0000028918253b80 flushing  nmethod 0x000002891bada810
Event: 18.052 Thread 0x0000028918253b80 flushing  nmethod 0x000002891bae4210
Event: 18.052 Thread 0x0000028918253b80 flushing  nmethod 0x000002891bb05e90
Event: 18.052 Thread 0x0000028918253b80 flushing  nmethod 0x000002891bb07790
Event: 18.052 Thread 0x0000028918253b80 flushing  nmethod 0x000002891bb08090
Event: 18.052 Thread 0x0000028918253b80 flushing  nmethod 0x000002891bb09290
Event: 18.052 Thread 0x0000028918253b80 flushing  nmethod 0x000002891bb0a010
Event: 18.052 Thread 0x0000028918253b80 flushing  nmethod 0x000002891bb0bd10
Event: 18.052 Thread 0x0000028918253b80 flushing  nmethod 0x000002891bb0c210
Event: 18.052 Thread 0x0000028918253b80 flushing  nmethod 0x000002891bb0cb10
Event: 18.052 Thread 0x0000028918253b80 flushing  nmethod 0x000002891bb0df10
Event: 18.052 Thread 0x0000028918253b80 flushing  nmethod 0x000002891bb0fc90
Event: 18.052 Thread 0x0000028918253b80 flushing  nmethod 0x000002891bb11f10
Event: 18.052 Thread 0x0000028918253b80 flushing  nmethod 0x000002891bb59110
Event: 18.052 Thread 0x0000028918253b80 flushing  nmethod 0x000002891bb7a190
Event: 18.052 Thread 0x0000028918253b80 flushing  nmethod 0x000002891bb80d10
Event: 18.052 Thread 0x0000028918253b80 flushing osr nmethod 0x000002891bbfe990
Event: 18.052 Thread 0x0000028918253b80 flushing  nmethod 0x000002891bc1bc10
Event: 18.052 Thread 0x0000028918253b80 flushing  nmethod 0x000002891bc73a10
Event: 18.052 Thread 0x0000028918253b80 flushing  nmethod 0x000002891bc73e90

Events (20 events):
Event: 18.261 Thread 0x00000289165ede40 Thread added: 0x000002897a50abe0
Event: 18.538 Thread 0x0000028978535a80 Thread added: 0x000002897a50f410
Event: 18.538 Thread 0x0000028978535a80 Thread added: 0x000002897a510130
Event: 18.538 Thread 0x000002897a50f410 Thread added: 0x000002897a5114e0
Event: 18.538 Thread 0x000002897a510130 Thread added: 0x000002897a50a550
Event: 18.539 Thread 0x000002897a5114e0 Thread added: 0x000002897a50b270
Event: 18.539 Thread 0x000002897a50a550 Thread added: 0x000002897a50b900
Event: 18.539 Thread 0x000002897a50b270 Thread added: 0x000002897a50bf90
Event: 18.539 Thread 0x000002897a50b900 Thread added: 0x000002897a50ccb0
Event: 18.540 Thread 0x000002897a50bf90 Thread added: 0x000002897a50d340
Event: 18.540 Thread 0x000002897a50ccb0 Thread added: 0x000002897a50d9d0
Event: 18.541 Thread 0x000002897a50d340 Thread added: 0x000002897a077cb0
Event: 18.541 Thread 0x000002897a50d9d0 Thread added: 0x000002897a077620
Event: 18.542 Thread 0x000002897a077620 Thread added: 0x000002897a07aaa0
Event: 18.542 Thread 0x000002897a077cb0 Thread added: 0x000002897a079060
Event: 18.544 Thread 0x000002897a079060 Thread added: 0x000002897a07a410
Event: 18.545 Thread 0x000002897a07aaa0 Thread added: 0x000002897a07b130
Event: 18.548 Thread 0x000002897a07b130 Thread added: 0x000002897a078340
Event: 18.549 Thread 0x000002897a07a410 Thread added: 0x000002897a07b7c0
Event: 18.583 Thread 0x000002897a078340 Thread added: 0x000002897a0789d0


Dynamic libraries:
0x00007ff770dc0000 - 0x00007ff770dce000 	c:\Users\13372\.trae-cn\extensions\redhat.java-1.53.0-win32-x64\jre\21.0.10-win32-x86_64\bin\java.exe
0x00007ffd011f0000 - 0x00007ffd01408000 	C:\windows\SYSTEM32\ntdll.dll
0x00007ffd006c0000 - 0x00007ffd00784000 	C:\windows\System32\KERNEL32.DLL
0x00007ffcfe670000 - 0x00007ffcfea43000 	C:\windows\System32\KERNELBASE.dll
0x00007ffcfe4d0000 - 0x00007ffcfe5e1000 	C:\windows\System32\ucrtbase.dll
0x00007ffcee5e0000 - 0x00007ffcee5f8000 	c:\Users\13372\.trae-cn\extensions\redhat.java-1.53.0-win32-x64\jre\21.0.10-win32-x86_64\bin\jli.dll
0x00007ffcf62d0000 - 0x00007ffcf62ee000 	c:\Users\13372\.trae-cn\extensions\redhat.java-1.53.0-win32-x64\jre\21.0.10-win32-x86_64\bin\VCRUNTIME140.dll
0x00007ffcff050000 - 0x00007ffcff202000 	C:\windows\System32\USER32.dll
0x00007ffcde230000 - 0x00007ffcde4cc000 	C:\windows\WinSxS\amd64_microsoft.windows.common-controls_6595b64144ccf1df_6.0.22621.6060_none_2712eda17382d24b\COMCTL32.dll
0x00007ffd00a90000 - 0x00007ffd00b37000 	C:\windows\System32\msvcrt.dll
0x00007ffcfea50000 - 0x00007ffcfea76000 	C:\windows\System32\win32u.dll
0x00007ffd00530000 - 0x00007ffd00559000 	C:\windows\System32\GDI32.dll
0x00007ffcfe330000 - 0x00007ffcfe44b000 	C:\windows\System32\gdi32full.dll
0x00007ffcfed30000 - 0x00007ffcfedca000 	C:\windows\System32\msvcp_win.dll
0x00007ffd00790000 - 0x00007ffd007c1000 	C:\windows\System32\IMM32.DLL
0x0000000051180000 - 0x000000005118d000 	C:\Program Files (x86)\360\360Safe\safemon\SafeWrapper.dll
0x00007ffcff430000 - 0x00007ffcff4e1000 	C:\windows\System32\ADVAPI32.dll
0x00007ffcff7a0000 - 0x00007ffcff848000 	C:\windows\System32\sechost.dll
0x00007ffcfe300000 - 0x00007ffcfe328000 	C:\windows\System32\bcrypt.dll
0x00007ffcff520000 - 0x00007ffcff638000 	C:\windows\System32\RPCRT4.dll
0x00007ffcf6560000 - 0x00007ffcf6665000 	C:\Program Files (x86)\360\360Safe\safemon\libzdtp64.dll
0x00007ffcff850000 - 0x00007ffd000ec000 	C:\windows\System32\SHELL32.dll
0x00007ffcfebf0000 - 0x00007ffcfed2f000 	C:\windows\System32\wintypes.dll
0x00007ffd00190000 - 0x00007ffd00521000 	C:\windows\System32\combase.dll
0x00007ffd00120000 - 0x00007ffd00189000 	C:\windows\System32\SHLWAPI.dll
0x00007ffcfde80000 - 0x00007ffcfde8a000 	C:\windows\SYSTEM32\VERSION.dll
0x00007ffcf6380000 - 0x00007ffcf638c000 	c:\Users\13372\.trae-cn\extensions\redhat.java-1.53.0-win32-x64\jre\21.0.10-win32-x86_64\bin\vcruntime140_1.dll
0x00007ffccca30000 - 0x00007ffcccabd000 	c:\Users\13372\.trae-cn\extensions\redhat.java-1.53.0-win32-x64\jre\21.0.10-win32-x86_64\bin\msvcp140.dll
0x00007ffc3cfa0000 - 0x00007ffc3dd41000 	c:\Users\13372\.trae-cn\extensions\redhat.java-1.53.0-win32-x64\jre\21.0.10-win32-x86_64\bin\server\jvm.dll
0x00007ffcfee90000 - 0x00007ffcfef01000 	C:\windows\System32\WS2_32.dll
0x00007ffcfdfb0000 - 0x00007ffcfdffd000 	C:\windows\SYSTEM32\POWRPROF.dll
0x00007ffcf3550000 - 0x00007ffcf3584000 	C:\windows\SYSTEM32\WINMM.dll
0x00007ffcfdf20000 - 0x00007ffcfdf33000 	C:\windows\SYSTEM32\UMPDC.dll
0x00007ffcfd1f0000 - 0x00007ffcfd208000 	C:\windows\SYSTEM32\kernel.appcore.dll
0x00007ffccde30000 - 0x00007ffccde3a000 	c:\Users\13372\.trae-cn\extensions\redhat.java-1.53.0-win32-x64\jre\21.0.10-win32-x86_64\bin\jimage.dll
0x00007ffcfbc40000 - 0x00007ffcfbe73000 	C:\windows\SYSTEM32\DBGHELP.DLL
0x00007ffd00be0000 - 0x00007ffd00cb8000 	C:\windows\System32\OLEAUT32.dll
0x00007ffca9160000 - 0x00007ffca9192000 	C:\windows\SYSTEM32\dbgcore.DLL
0x00007ffcfe450000 - 0x00007ffcfe4cb000 	C:\windows\System32\bcryptPrimitives.dll
0x00007ffcee5d0000 - 0x00007ffcee5df000 	c:\Users\13372\.trae-cn\extensions\redhat.java-1.53.0-win32-x64\jre\21.0.10-win32-x86_64\bin\instrument.dll
0x00007ffccd650000 - 0x00007ffccd670000 	c:\Users\13372\.trae-cn\extensions\redhat.java-1.53.0-win32-x64\jre\21.0.10-win32-x86_64\bin\java.dll
0x00007ffcfc130000 - 0x00007ffcfca4a000 	C:\windows\SYSTEM32\windows.storage.dll
0x00007ffd007d0000 - 0x00007ffd008d4000 	C:\windows\System32\SHCORE.dll
0x00007ffcfe230000 - 0x00007ffcfe255000 	C:\windows\SYSTEM32\profapi.dll
0x00007ffcccd40000 - 0x00007ffcccd58000 	c:\Users\13372\.trae-cn\extensions\redhat.java-1.53.0-win32-x64\jre\21.0.10-win32-x86_64\bin\zip.dll
0x00007ffcee5c0000 - 0x00007ffcee5d0000 	C:\Users\13372\.trae-cn\extensions\redhat.java-1.53.0-win32-x64\jre\21.0.10-win32-x86_64\bin\net.dll
0x00007ffcf5480000 - 0x00007ffcf55ac000 	C:\windows\SYSTEM32\WINHTTP.dll
0x00007ffcfd6b0000 - 0x00007ffcfd719000 	C:\windows\system32\mswsock.dll
0x00007ffcccf80000 - 0x00007ffcccf96000 	C:\Users\13372\.trae-cn\extensions\redhat.java-1.53.0-win32-x64\jre\21.0.10-win32-x86_64\bin\nio.dll
0x00007ffccd640000 - 0x00007ffccd650000 	c:\Users\13372\.trae-cn\extensions\redhat.java-1.53.0-win32-x64\jre\21.0.10-win32-x86_64\bin\verify.dll
0x00007ffcccf30000 - 0x00007ffcccf75000 	C:\Users\13372\AppData\Roaming\Trae CN\User\globalStorage\redhat.java\1.53.0\config_win\org.eclipse.equinox.launcher\org.eclipse.equinox.launcher.win32.win32.x86_64_1.3.0.v20260203-2149\eclipse_11919.dll
0x00007ffd008e0000 - 0x00007ffd00a81000 	C:\windows\System32\ole32.dll
0x00007ffcfd9a0000 - 0x00007ffcfd9bb000 	C:\windows\SYSTEM32\CRYPTSP.dll
0x00007ffcfd150000 - 0x00007ffcfd187000 	C:\windows\system32\rsaenh.dll
0x00007ffcfd750000 - 0x00007ffcfd778000 	C:\windows\SYSTEM32\USERENV.dll
0x00007ffcfd8b0000 - 0x00007ffcfd8bc000 	C:\windows\SYSTEM32\CRYPTBASE.dll
0x00007ffcfdea0000 - 0x00007ffcfdecd000 	C:\windows\SYSTEM32\IPHLPAPI.DLL
0x00007ffcff4f0000 - 0x00007ffcff4f9000 	C:\windows\System32\NSI.dll
0x00007ffcccbb0000 - 0x00007ffcccbf9000 	C:\Users\13372\AppData\Local\Temp\jna-46822636\jna4298699860026325690.dll
0x00007ffcfef10000 - 0x00007ffcfef18000 	C:\windows\System32\PSAPI.DLL
0x00007ffcf3530000 - 0x00007ffcf3549000 	C:\windows\SYSTEM32\dhcpcsvc6.DLL
0x00007ffcf3510000 - 0x00007ffcf352f000 	C:\windows\SYSTEM32\dhcpcsvc.DLL
0x00007ffccd120000 - 0x00007ffccd12e000 	C:\Users\13372\.trae-cn\extensions\redhat.java-1.53.0-win32-x64\jre\21.0.10-win32-x86_64\bin\sunmscapi.dll
0x00007ffcfea80000 - 0x00007ffcfebe8000 	C:\windows\System32\CRYPT32.dll
0x00007ffcfdb70000 - 0x00007ffcfdb9e000 	C:\windows\SYSTEM32\ncrypt.dll
0x00007ffcfdb30000 - 0x00007ffcfdb67000 	C:\windows\SYSTEM32\NTASN1.dll
0x00007ffcdb750000 - 0x00007ffcdb79b000 	C:\Program Files (x86)\Sangfor\SSL\ClientComponent\SangforNspX64.dll
0x00007ffcfccb0000 - 0x00007ffcfcda8000 	C:\windows\SYSTEM32\DNSAPI.dll
0x00007ffcf2da0000 - 0x00007ffcf2daa000 	C:\Windows\System32\rasadhlp.dll
0x00007ffcf3040000 - 0x00007ffcf30c4000 	C:\windows\System32\fwpuclnt.dll
0x00007ffcccfa0000 - 0x00007ffcccfa9000 	C:\Users\13372\.trae-cn\extensions\redhat.java-1.53.0-win32-x64\jre\21.0.10-win32-x86_64\bin\extnet.dll

JVMTI agents:
c:\Users\13372\.trae-cn\extensions\redhat.java-1.53.0-win32-x64\lombok\lombok-1.18.39-4050.jar path:c:\Users\13372\.trae-cn\extensions\redhat.java-1.53.0-win32-x64\jre\21.0.10-win32-x86_64\bin\instrument.dll, loaded, initialized, instrumentlib options:none

dbghelp: loaded successfully - version: 4.0.5 - missing functions: none
symbol engine: initialized successfully - sym options: 0x614 - pdb path: .;c:\Users\13372\.trae-cn\extensions\redhat.java-1.53.0-win32-x64\jre\21.0.10-win32-x86_64\bin;C:\windows\SYSTEM32;C:\windows\WinSxS\amd64_microsoft.windows.common-controls_6595b64144ccf1df_6.0.22621.6060_none_2712eda17382d24b;C:\Program Files (x86)\360\360Safe\safemon;c:\Users\13372\.trae-cn\extensions\redhat.java-1.53.0-win32-x64\jre\21.0.10-win32-x86_64\bin\server;C:\Users\13372\AppData\Roaming\Trae CN\User\globalStorage\redhat.java\1.53.0\config_win\org.eclipse.equinox.launcher\org.eclipse.equinox.launcher.win32.win32.x86_64_1.3.0.v20260203-2149;C:\Users\13372\AppData\Local\Temp\jna-46822636;C:\Program Files (x86)\Sangfor\SSL\ClientComponent

VM Arguments:
jvm_args: --add-modules=ALL-SYSTEM --add-opens=java.base/java.util=ALL-UNNAMED --add-opens=java.base/java.lang=ALL-UNNAMED --add-opens=java.base/sun.nio.fs=ALL-UNNAMED -Declipse.application=org.eclipse.jdt.ls.core.id1 -Dosgi.bundles.defaultStartLevel=4 -Declipse.product=org.eclipse.jdt.ls.core.product -Djava.import.generatesMetadataFilesAtProjectRoot=false -DDetectVMInstallationsJob.disabled=true -Dfile.encoding=utf8 -XX:+UseParallelGC -XX:GCTimeRatio=4 -XX:AdaptiveSizePolicyWeight=90 -Dsun.zip.disableMemoryMapping=true -Xmx2G -Xms100m -Xlog:disable -javaagent:c:\Users\13372\.trae-cn\extensions\redhat.java-1.53.0-win32-x64\lombok\lombok-1.18.39-4050.jar -XX:+HeapDumpOnOutOfMemoryError -XX:HeapDumpPath=c:\Users\13372\AppData\Roaming\Trae CN\User\workspaceStorage\4b5feb811c54631e0f5b78dfcdf9e2d6\redhat.java -Daether.dependencyCollector.impl=bf 
java_command: c:\Users\13372\.trae-cn\extensions\redhat.java-1.53.0-win32-x64\server\plugins\org.eclipse.equinox.launcher_1.7.100.v20251111-0406.jar -configuration c:\Users\13372\AppData\Roaming\Trae CN\User\globalStorage\redhat.java\1.53.0\config_win -data c:\Users\13372\AppData\Roaming\Trae CN\User\workspaceStorage\4b5feb811c54631e0f5b78dfcdf9e2d6\redhat.java\jdt_ws --pipe=\\.\pipe\lsp-60bba27a2bcfb22c154d5658139b2246-sock
java_class_path (initial): c:\Users\13372\.trae-cn\extensions\redhat.java-1.53.0-win32-x64\server\plugins\org.eclipse.equinox.launcher_1.7.100.v20251111-0406.jar
Launcher Type: SUN_STANDARD

[Global flags]
    uintx AdaptiveSizePolicyWeight                 = 90                                        {product} {command line}
     intx CICompilerCount                          = 12                                        {product} {ergonomic}
    uintx GCTimeRatio                              = 4                                         {product} {command line}
     bool HeapDumpOnOutOfMemoryError               = true                                   {manageable} {command line}
    ccstr HeapDumpPath                             = c:\Users\13372\AppData\Roaming\Trae CN\User\workspaceStorage\4b5feb811c54631e0f5b78dfcdf9e2d6\redhat.java         {manageable} {command line}
   size_t InitialHeapSize                          = 104857600                                 {product} {command line}
   size_t MaxHeapSize                              = 2147483648                                {product} {command line}
   size_t MaxNewSize                               = 715653120                                 {product} {ergonomic}
   size_t MinHeapDeltaBytes                        = 524288                                    {product} {ergonomic}
   size_t MinHeapSize                              = 104857600                                 {product} {command line}
   size_t NewSize                                  = 34603008                                  {product} {ergonomic}
    uintx NonNMethodCodeHeapSize                   = 7602480                                {pd product} {ergonomic}
    uintx NonProfiledCodeHeapSize                  = 122027880                              {pd product} {ergonomic}
   size_t OldSize                                  = 70254592                                  {product} {ergonomic}
    uintx ProfiledCodeHeapSize                     = 122027880                              {pd product} {ergonomic}
    uintx ReservedCodeCacheSize                    = 251658240                              {pd product} {ergonomic}
     bool SegmentedCodeCache                       = true                                      {product} {ergonomic}
   size_t SoftMaxHeapSize                          = 2147483648                             {manageable} {ergonomic}
     bool UseCompressedOops                        = true                           {product lp64_product} {ergonomic}
     bool UseLargePagesIndividualAllocation        = false                                  {pd product} {ergonomic}
     bool UseParallelGC                            = true                                      {product} {command line}

Logging:
Log output configuration:
 #0: stdout all=off uptime,level,tags foldmultilines=false
 #1: stderr all=off uptime,level,tags foldmultilines=false

Release file:
JAVA_VERSION="21.0.10" 
MODULES="java.base java.compiler java.datatransfer java.xml java.prefs java.desktop java.instrument java.logging java.management java.security.sasl java.naming java.rmi java.management.rmi java.net.http java.scripting java.security.jgss java.transaction.xa java.sql java.sql.rowset java.xml.crypto java.se java.smartcardio jdk.accessibility jdk.internal.jvmstat jdk.attach jdk.charsets jdk.internal.opt jdk.zipfs jdk.compiler jdk.crypto.ec jdk.crypto.cryptoki jdk.crypto.mscapi jdk.dynalink jdk.internal.ed jdk.editpad jdk.hotspot.agent jdk.httpserver jdk.internal.le jdk.internal.vm.ci jdk.internal.vm.compiler jdk.internal.vm.compiler.management jdk.jartool jdk.javadoc jdk.jcmd jdk.management jdk.management.agent jdk.jconsole jdk.jdeps jdk.jdwp.agent jdk.jdi jdk.jfr jdk.jshell jdk.jsobject jdk.jstatd jdk.localedata jdk.management.jfr jdk.naming.dns jdk.naming.rmi jdk.net jdk.nio.mapmode jdk.random jdk.sctp jdk.security.auth jdk.security.jgss jdk.unsupported jdk.unsupported.desktop jdk.xml.dom" 

Environment Variables:
JAVA_HOME=C:\Program Files\Java\jdk-17
PATH=c:\Users\13372\.trae-cn\tools\trae-gopls\current;c:\Users\13372\.trae-cn\sdks\workspaces\4b5feb81\versions\node\current;c:\Users\13372\.trae-cn\sdks\versions\node\current;D:\Program Files (x86)\VMware\bin\;C:\Program Files (x86)\Common Files\Intel\Shared Libraries\redist\intel64\compiler;C:\Program Files\Java\jdk-17\bin;D:\Maven\apache-maven-3.9.11\bin;C:\Program Files\Common Files\Oracle\Java\javapath;C:\windows\system32;C:\windows;C:\windows\System32\Wbem;C:\windows\System32\WindowsPowerShell\v1.0\;C:\windows\System32\OpenSSH\;C:\Program Files (x86)\NVIDIA Corporation\PhysX\Common;C:\Users\Administrator\AppData\Local\Microsoft\WindowsApps;C:\Program Files\HP\OMEN-Broadcast\Common;D:\Windows Kits\10\Windows Performance Toolkit\;C:\Program Files\NVIDIA Corporation\NVIDIA NvDLISR;C:\Program Files\Git\cmd;C:\Program Files (x86)\Microsoft SQL Server\160\DTS\Binn\;C:\Program Files (x86)\Microsoft SQL Server\160\Tools\Binn\;C:\Program Files\Microsoft SQL Server\160\Tools\Binn\;C:\Program Files\Microsoft SQL Server\Client SDK\ODBC\170\Tools\Binn\;C:\Program Files\Microsoft SQL Server\160\DTS\Binn\;C:\Program Files\TortoiseSVN\bin;D:\SVN\VisualSVN Server\bin;D:\download\微信web开发者工具\dll;D:\download\;C:\Windows\dll;;C:\Program Files\python;C:\Program Files\python\Scripts;;D:\download\BtSoft\panel\script;;C:\Program Files\Docker\Docker\resources\bin;C:\Program Files\dotnet\;C:\ProgramData\chocolatey\bin;C:\Program Files (x86)\NetSarang\Xshell 8\;D:\13372\download\Xshell\XFTp\;d:\13372\download\Trae CN\bin;C:\Users\13372\scoop\shims;C:\Users\13372\.local\bin;c:\Users\13372\AppData\Local\Programs\Trae\bin;C:\Program Files (x86)\Microsoft\Edge\Application;D:\Program Files (x86)\VMware\bin\;C:\Program Files (x86)\Common Files\Intel\Shared Libraries\redist\intel64\compiler;C:\Program Files\Java\jdk-17\bin;D:\Maven\apache-maven-3.9.11\bin;C:\Program Files\Common Files\Oracle\Java\javapath;C:\windows\system32;C:\windows;C:\windows\System32\Wbem;C:\windows\System32\WindowsPowerShell\v1.0\;C:\windows\System32\OpenSSH\;C:\Program Files (x86)\NVIDIA Corporation\PhysX\Common;C:\Users\Administrator\AppData\Local\Microsoft\WindowsApps;C:\Program Files\HP\OMEN-Broadcast\Common;D:\Windows Kits\10\Windows Performance Toolkit\;C:\Program Files\NVIDIA Corporation\NVIDIA NvDLISR;C:\Program Files\Git\cmd;C:\Program Files (x86)\Microsoft SQL Server\160\DTS\Binn\;C:\Program Files (x86)\Microsoft SQL Server\160\Tools\Binn\;C:\Program Files\Microsoft SQL Server\160\Tools\Binn\;C:\Program Files\Microsoft SQL Server\Client SDK\ODBC\170\Tools\Binn\;C:\Program Files\Microsoft SQL Server\160\DTS\Binn\;C:\Program Files\TortoiseSVN\bin;D:\SVN\VisualSVN Server\bin;D:\download\微信web开发者工具\dll;D:\download\;C:\Windows\dll;C:\Program Files\python;C:\Program Files\python\Scripts;D:\download\BtSoft\panel\script;C:\Program Files\Docker\Docker\resources\bin;C:\Program Files\dotnet\;C:\ProgramData\chocolatey\bin;D:\Program Files (x86)\VMware\bin\;C:\Program Files (x86)\Common Files\Intel\Shared Libraries\redist\intel64\compiler;C:\Program Files\Java\jdk-17\bin;D:\Maven\apache-maven-3.9.11\bin;C:\Program Files\Common Files\Oracle\Java\javapath;C:\windows\system32;C:\windows;C:\windows\System32\Wbem;C:\windows\System32\WindowsPowerShell\v1.0\;C:\windows\System32\OpenSSH\;C:\Program Files (x86)\NVIDIA Corporation\PhysX\Common;C:\Users\Administrator\AppData\Local\Microsoft\WindowsApps;C:\Program Files\HP\OMEN-Broadcast\Common;D:\Windows Kits\10\Windows Performance Toolkit\;C:\Program Files\NVIDIA Corporation\NVIDIA NvDLISR;C:\Program Files\Git\cmd;C:\Program Files (x86)\Microsoft SQL Server\160\DTS\Binn\;C:\Program Files (x86)\Microsoft SQL Server\160\Tools\Binn\;C:\Program Files\Microsoft SQL Server\160\Tools\Binn\;C:\Program Files\Microsoft SQL Server\Client SDK\ODBC\170\Tools\Binn\;C:\Program Files\Microsoft SQL Server\160\DTS\Binn\;C:\Program Files\TortoiseSVN\bin;D:\SVN\VisualSVN Server\bin;D:\download\微信web开发者工具\dll;D:\download\;C:\Windows\dll;C:\Program Files\python;C:\Program Files\python\Scripts;D:\download\BtSoft\panel\script;C:\Program Files\Docker\Docker\resources\bin;C:\Program Files\dotnet\;C:\ProgramData\chocolatey\bin;D:\Vue\npm-global;C:\Users\13372\AppData\Local\Programs\Microsoft VS Code\bin;C:\Users\13372\AppData\Local\Programs\cursor\resources\app\bin;D:\Vue\npm-global;C:\Users\13372\AppData\Local\Programs\Microsoft VS Code\bin;C:\Users\13372\AppData\Local\Programs\cursor\resources\app\bin;d:\13372\download\Trae CN\resources\app\bin\lib
USERNAME=13372
OS=Windows_NT
PROCESSOR_IDENTIFIER=Intel64 Family 6 Model 183 Stepping 1, GenuineIntel
TMP=C:\Users\13372\AppData\Local\Temp
TEMP=C:\Users\13372\AppData\Local\Temp




Periodic native trim disabled

---------------  S Y S T E M  ---------------

OS:
 Windows 11 , 64 bit Build 22621 (10.0.22621.5415)
OS uptime: 1 days 9:16 hours
Hyper-V role detected

CPU: total 20 (initial active 20) (10 cores per cpu, 2 threads per core) family 6 model 183 stepping 1 microcode 0x124, cx8, cmov, fxsr, ht, mmx, 3dnowpref, sse, sse2, sse3, ssse3, sse4.1, sse4.2, popcnt, lzcnt, tsc, tscinvbit, avx, avx2, aes, erms, clmul, bmi1, bmi2, adx, sha, fma, vzeroupper, clflush, clflushopt, clwb, hv, serialize, rdtscp, rdpid, fsrm, f16c, cet_ibt, cet_ss
Processor Information for the first 20 processors :
  Max Mhz: 2600, Current Mhz: 2600, Mhz Limit: 2600

Memory: 4k page, system-wide physical 16077M (373M free)
TotalPageFile size 40653M (AvailPageFile size 13M)
current process WorkingSet (physical memory assigned to process): 228M, peak: 229M
current process commit charge ("private bytes"): 362M, peak: 378M

vm_info: OpenJDK 64-Bit Server VM (21.0.10+7-LTS) for windows-amd64 JRE (21.0.10+7-LTS), built on 2026-01-20T00:00:00Z by "admin" with MS VC++ 17.12 (VS2022)

END.
